gregory@DevTech64:~/Documents/ChallengeGit5$ git pull origin main
remote: Enumerating objects: 5, done.
remote: Counting objects: 100% (5/5), done.
remote: Compressing objects: 100% (2/2), done.
remote: Total 3 (delta 0), reused 0 (delta 0), pack-reused 0
Dépaquetage des objets: 100% (3/3), 700 octets | 700.00 Kio/s, fait.
Depuis https://github.com/Gregory-Bouteville/ChallengeGit5
 * branch            main       -> FETCH_HEAD
   23b5328..b8f4e97  main       -> origin/main
Fusion automatique de README.md
CONFLIT (contenu) : Conflit de fusion dans README.md
La fusion automatique a échoué ; réglez les conflits et validez le résultat.
gregory@DevTech64:~/Documents/ChallengeGit5$ git commit -m "Etape 7"
U	README.md
error: Impossible de valider car vous avez des fichiers non fusionnés.
astuce: Corrigez-les puis lancez 'git add/rm <fichier>'
astuce: si nécessaire pour marquer la résolution et valider.
fatal: Abandon à cause de conflit non résolu.
gregory@DevTech64:~/Documents/ChallengeGit5$ git add .
gregory@DevTech64:~/Documents/ChallengeGit5$ git commit -m "Etapa 7 "
[main 925c3e0] Etapa 7
gregory@DevTech64:~/Documents/ChallengeGit5$ git pull origin main
Depuis https://github.com/Gregory-Bouteville/ChallengeGit5
 * branch            main       -> FETCH_HEAD
Déjà à jour.
gregory@DevTech64:~/Documents/ChallengeGit5$ git push origin main
Username for 'https://github.com': Gregory-Bouteville
Password for 'https://Gregory-Bouteville@github.com': 
Énumération des objets: 10, fait.
Décompte des objets: 100% (10/10), fait.
Compression par delta en utilisant jusqu'à 24 fils d'exécution
Compression des objets: 100% (4/4), fait.
Écriture des objets: 100% (6/6), 660 octets | 660.00 Kio/s, fait.
Total 6 (delta 1), réutilisés 0 (delta 0)
remote: Resolving deltas: 100% (1/1), completed with 1 local object.
To https://github.com/Gregory-Bouteville/ChallengeGit5.git
   b8f4e97..925c3e0  main -> main
gregory@DevTech64:~/Documents/ChallengeGit5$ 
